../Core/Src/Morse.c:28:6:configura_dot_duration	104	static
../Core/Src/Morse.c:59:6:morse_init	16	static
../Core/Src/Morse.c:65:6:add_morse_symbol	16	static
../Core/Src/Morse.c:72:6:reset_morse_word	16	static
../Core/Src/Morse.c:77:13:get_morse_word	16	static
../Core/Src/Morse.c:82:6:send_uart_char	16	static
../Core/Src/Morse.c:87:6:print_uart	16	static
../Core/Src/Morse.c:93:6:convert_to_morse	32	static
../Core/Src/Morse.c:113:6:convert_from_morse	24	static
../Core/Src/Morse.c:122:6:decode_morse_sentence	40	static
../Core/Src/Morse.c:148:6:gestisci_inizio_pressione	16	static
../Core/Src/Morse.c:156:6:gestisci_fine_pressione	24	static
../Core/Src/Morse.c:179:6:gestisci_fine_pressione_debug	56	static
../Core/Src/Morse.c:204:6:gestisci_spaziatura	16	static
../Core/Src/Morse.c:219:6:gestisci_spaziatura_debug	56	static
../Core/Src/Morse.c:246:6:invia_parola	80	static
../Core/Src/Morse.c:267:6:invia_parola_debug	56	static
../Core/Src/Morse.c:278:6:ricevi_comando_uart	32	static
../Core/Src/Morse.c:300:6:esegui_traduzione_morse	320	static
../Core/Src/Morse.c:324:6:play_morse_code	24	static
